# Format: normalized key=value; properties use type/default/range/enum_nicks subkeys. Order is stable and additive properties are allowed.
# Build configuration: fork decoder with HAVE_NV12_10LE40=1 and HAVE_NV16_10LE40 absent.
# Runtime provenance: byte-identical arm64 bookworm/GStreamer 1.22 and trixie/GStreamer 1.26 mock-MPP captures from plugin source 73b0e7720e6ed6f40d8903f18e6b29d64e7cd1c2.
# Reference relationship: radxa-1.14-4/mppjpegdec.golden remains the immutable HAVE_NV16_10LE40 reference-config contract.
element=mppjpegdec
rank=257
sink_caps=image/jpeg parsed: true
src_caps=video/x-raw format: { (string)NV12, (string)NV16, (string)NV12_10LE40, (string)NV12, (string)NV21, (string)I420, (string)YV12, (string)NV16, (string)NV61, (string)BGR16, (string)RGB, (string)BGR, (string)RGBA, (string)BGRA, (string)RGBx, (string)BGRx, (string)BGR16, (string)RGB16, (string)ABGR, (string)ARGB, (string)BGRA, (string)RGBA, (string)xBGR, (string)xRGB, (string)BGRx, (string)RGBx } width: [ 1, 2147483647 ] height: [ 1, 2147483647 ] framerate: [ 0/1, 2147483647/1 ] video/x-raw(memory:DMABuf) format: { (string)NV12, (string)NV16, (string)NV12_10LE40, (string)NV12, (string)NV21, (string)I420, (string)YV12, (string)NV16, (string)NV61, (string)BGR16, (string)RGB, (string)BGR, (string)RGBA, (string)BGRA, (string)RGBx, (string)BGRx, (string)BGR16, (string)RGB16, (string)ABGR, (string)ARGB, (string)BGRA, (string)RGBA, (string)xBGR, (string)xRGB, (string)BGRx, (string)RGBx } width: [ 1, 2147483647 ] height: [ 1, 2147483647 ] framerate: [ 0/1, 2147483647/1 ]
property.automatic-request-sync-point-flags.type=Flags(GstVideoDecoderRequestSyncPointFlags)
property.automatic-request-sync-point-flags.default=0x00000003:corrupt-output+discard-input
property.automatic-request-sync-point-flags.enum_nicks=discard-input,corrupt-output
property.automatic-request-sync-points.type=Boolean
property.automatic-request-sync-points.default=false
property.crop-rectangle.type=GstValueArray(gint)
property.crop-rectangle.default=<  >
property.discard-corrupted-frames.type=Boolean
property.discard-corrupted-frames.default=false
property.dma-feature.type=Boolean
property.dma-feature.default=false
property.fast-mode.type=Boolean
property.fast-mode.default=true
property.format.type=Enum(GstMppJpegDecFormat)
property.format.default=0:auto
property.format.enum_nicks=auto,NV12,NV21,I420,YV12,NV16,NV61,RGB,BGR,RGB16,BGR16,ARGB,ABGR,RGBA,BGRA,xRGB,xBGR,RGBx,BGRx
property.height.type=Unsigned Integer
property.height.default=0
property.height.range=0..2147483647
property.ignore-error.type=Boolean
property.ignore-error.default=true
property.max-errors.type=Integer
property.max-errors.default=-1
property.max-errors.range=-1..2147483647
property.min-force-key-unit-interval.type=Unsigned Integer64
property.min-force-key-unit-interval.default=0
property.min-force-key-unit-interval.range=0..18446744073709551615
property.name.type=String
property.name.default=mppjpegdec0
property.parent.type=Object(GstObject)
property.qos.type=Boolean
property.qos.default=true
property.rotation.type=Enum(GstMppDecRotation)
property.rotation.default=0:0
property.rotation.enum_nicks=0,90,180,270
property.width.type=Unsigned Integer
property.width.default=0
property.width.range=0..2147483647
