# Format: normalized key=value; properties use type/default/range/enum_nicks subkeys. Order is stable and additive properties are allowed.
# Runtime provenance: hostname=ceralive2 serial=bb651a64235420cf kernel=7.2.0-ceralive-rk3588
# Package provenance: gstreamer1.0-rockchip1=1.14-4; captured_utc=2026-08-30T08:58:38Z
# Source cross-check: radxa-pkg/gstreamer-rockchip@a89cf9c0208aca74c3506b4e6d536f7a1184cd7a
element=mpph265enc
rank=257
sink_caps=video/x-raw format: { (string)NV12, (string)I420, (string)YUY2, (string)UYVY, (string)BGR16, (string)RGB16, (string)BGR, (string)RGB, (string)ABGR, (string)ARGB, (string)BGRA, (string)RGBA, (string)xBGR, (string)xRGB, (string)BGRx, (string)RGBx, (string)NV12, (string)NV21, (string)I420, (string)YV12, (string)NV16, (string)NV61, (string)BGR16, (string)RGB, (string)BGR, (string)RGBA, (string)BGRA, (string)RGBx, (string)BGRx, (string)NV24, (string)Y444 } width: [ 96, 2147483647 ] height: [ 64, 2147483647 ]
src_caps=video/x-h265 width: [ 96, 2147483647 ] height: [ 64, 2147483647 ] stream-format: { (string)byte-stream } alignment: { (string)au }
property.arm-afbc.type=Boolean
property.arm-afbc.default=false
property.bps.type=Unsigned Integer
property.bps.default=0
property.bps.range=0..2147483647
property.bps-max.type=Unsigned Integer
property.bps-max.default=0
property.bps-max.range=0..2147483647
property.bps-min.type=Unsigned Integer
property.bps-min.default=0
property.bps-min.range=0..2147483647
property.gop.type=Integer
property.gop.default=-1
property.gop.range=-1..2147483647
property.header-mode.type=Enum(MppEncHeaderMode)
property.header-mode.default=0:first-frame
property.header-mode.enum_nicks=first-frame,each-idr
property.height.type=Unsigned Integer
property.height.default=0
property.height.range=0..2147483647
property.max-pending.type=Unsigned Integer
property.max-pending.default=16
property.max-pending.range=1..16
property.max-reenc.type=Unsigned Integer
property.max-reenc.default=1
property.max-reenc.range=0..3
property.min-force-key-unit-interval.type=Unsigned Integer64
property.min-force-key-unit-interval.default=0
property.min-force-key-unit-interval.range=0..18446744073709551615
property.name.type=String
property.name.default=mpph265enc0
property.parent.type=Object(GstObject)
property.qos.type=Boolean
property.qos.default=false
property.qp-delta-ip.type=Integer
property.qp-delta-ip.default=-1
property.qp-delta-ip.range=-1..8
property.qp-init.type=Unsigned Integer
property.qp-init.default=26
property.qp-init.range=0..51
property.qp-max.type=Unsigned Integer
property.qp-max.default=0
property.qp-max.range=0..51
property.qp-max-i.type=Unsigned Integer
property.qp-max-i.default=0
property.qp-max-i.range=0..51
property.qp-min.type=Unsigned Integer
property.qp-min.default=0
property.qp-min.range=0..51
property.qp-min-i.type=Unsigned Integer
property.qp-min-i.default=0
property.qp-min-i.range=0..51
property.rc-mode.type=Enum(GstMppEncRcMode)
property.rc-mode.default=1:cbr
property.rc-mode.enum_nicks=vbr,cbr,fixqp
property.rotation.type=Enum(GstMppEncRotation)
property.rotation.default=0:0
property.rotation.enum_nicks=0,90,180,270
property.sei-mode.type=Enum(GstMppEncSeiMode)
property.sei-mode.default=0:disable
property.sei-mode.enum_nicks=disable,one-seq,one-frame
property.width.type=Unsigned Integer
property.width.default=0
property.width.range=0..2147483647
property.zero-copy-pkt.type=Boolean
property.zero-copy-pkt.default=true
