# ACTIVE FORK BASELINE. Format: normalized key=value with type/default/range/enum_nicks property subkeys.
# Build provenance: source=3e71960; debian=bookworm; arch=arm64; gstreamer=1.22.0; MPP=1.5.0-1; RGA=2.2.0-1
# Inspect provenance: hostname=ceralive2 serial=bb651a64235420cf kernel=7.2.0-ceralive-rk3588; plugin_sha256=66d1f0aadb2ccb555006485f0146a556c7043b156b42bad23edcd612c00cbdca
# Intentional divergence: inherited pre-fork cf155b3 renamed bps* to bitrate*; workspace plan history records the consumer-migration decision.
element=mpph265enc
rank=257
sink_caps=video/x-raw format: { (string)NV12, (string)I420, (string)YUY2, (string)UYVY, (string)BGR16, (string)RGB16, (string)BGR, (string)RGB, (string)ABGR, (string)ARGB, (string)BGRA, (string)RGBA, (string)xBGR, (string)xRGB, (string)BGRx, (string)RGBx, (string)NV12, (string)NV21, (string)I420, (string)YV12, (string)NV16, (string)NV61, (string)BGR16, (string)RGB, (string)BGR, (string)RGBA, (string)BGRA, (string)RGBx, (string)BGRx, (string)NV24, (string)Y444 } width: [ 96, 2147483647 ] height: [ 64, 2147483647 ]
src_caps=video/x-h265 width: [ 96, 2147483647 ] height: [ 64, 2147483647 ] stream-format: { (string)byte-stream } alignment: { (string)au }
property.anti-flicker.type=Unsigned Integer
property.anti-flicker.default=0
property.anti-flicker.range=0..3
property.arm-afbc.type=Boolean
property.arm-afbc.default=false
property.bitrate.type=Unsigned Integer
property.bitrate.default=0
property.bitrate.range=0..2147483647
property.bitrate-max.type=Unsigned Integer
property.bitrate-max.default=0
property.bitrate-max.range=0..2147483647
property.bitrate-min.type=Unsigned Integer
property.bitrate-min.default=0
property.bitrate-min.range=0..2147483647
property.debreath.type=Boolean
property.debreath.default=false
property.debreath-strength.type=Unsigned Integer
property.debreath-strength.default=16
property.debreath-strength.range=0..35
property.drop-mode.type=Integer
property.drop-mode.default=0
property.drop-mode.range=0..2
property.drop-threshold.type=Unsigned Integer
property.drop-threshold.default=50
property.drop-threshold.range=0..100
property.fps-out.type=Integer
property.fps-out.default=0
property.fps-out.range=0..256
property.gop.type=Integer
property.gop.default=-1
property.gop.range=-1..2147483647
property.header-mode.type=Enum(MppEncHeaderMode)
property.header-mode.default=0:first-frame
property.header-mode.enum_nicks=first-frame,each-idr
property.height.type=Unsigned Integer
property.height.default=0
property.height.range=0..2147483647
property.intra-refresh.type=Unsigned Integer
property.intra-refresh.default=0
property.intra-refresh.range=0..2147483647
property.level.type=Enum(GstMppH265Level)
property.level.default=120:4
property.level.enum_nicks=3,3.1,4,4.1,5,5.1,5.2,6,6.1,6.2
property.max-pending.type=Unsigned Integer
property.max-pending.default=16
property.max-pending.range=1..16
property.max-reenc.type=Unsigned Integer
property.max-reenc.default=1
property.max-reenc.range=0..3
property.min-force-key-unit-interval.type=Unsigned Integer64
property.min-force-key-unit-interval.default=0
property.min-force-key-unit-interval.range=0..18446744073709551615
property.name.type=String
property.name.default=mpph265enc0
property.num-temporal-layers.type=Unsigned Integer
property.num-temporal-layers.default=0
property.num-temporal-layers.range=0..4
property.parent.type=Object(GstObject)
property.profile.type=Enum(GstMppH265Profile)
property.profile.default=1:main
property.profile.enum_nicks=main,main10,main-still
property.qos.type=Boolean
property.qos.default=false
property.qp-delta-ip.type=Integer
property.qp-delta-ip.default=-1
property.qp-delta-ip.range=-1..8
property.qp-init.type=Unsigned Integer
property.qp-init.default=26
property.qp-init.range=0..51
property.qp-max.type=Unsigned Integer
property.qp-max.default=0
property.qp-max.range=0..51
property.qp-max-i.type=Unsigned Integer
property.qp-max-i.default=0
property.qp-max-i.range=0..51
property.qp-min.type=Unsigned Integer
property.qp-min.default=0
property.qp-min.range=0..51
property.qp-min-i.type=Unsigned Integer
property.qp-min-i.default=0
property.qp-min-i.range=0..51
property.rc-mode.type=Enum(GstMppEncRcMode)
property.rc-mode.default=1:cbr
property.rc-mode.enum_nicks=vbr,cbr,fixqp
property.rotation.type=Enum(GstMppEncRotation)
property.rotation.default=0:0
property.rotation.enum_nicks=0,90,180,270
property.sao.type=Boolean
property.sao.default=true
property.scene-mode.type=Enum(GstMppEncSceneMode)
property.scene-mode.default=0:default
property.scene-mode.enum_nicks=default,ipc,ipc-ptz
property.sei-mode.type=Enum(GstMppEncSeiMode)
property.sei-mode.default=0:disable
property.sei-mode.enum_nicks=disable,one-seq,one-frame
property.super-i-thd.type=Unsigned Integer
property.super-i-thd.default=0
property.super-i-thd.range=0..2147483647
property.super-mode.type=Enum(GstMppEncSuperMode)
property.super-mode.default=0:none
property.super-mode.enum_nicks=none,drop,reenc
property.super-p-thd.type=Unsigned Integer
property.super-p-thd.default=0
property.super-p-thd.range=0..2147483647
property.tier.type=Enum(GstMppH265Tier)
property.tier.default=0:main
property.tier.enum_nicks=main,high
property.width.type=Unsigned Integer
property.width.default=0
property.width.range=0..2147483647
property.zero-copy-pkt.type=Boolean
property.zero-copy-pkt.default=true
